// Jest Snapshot v1, https://goo.gl/fbAQLP

exports[`looks like a loading element should 1`] = `
<Loading
  classes={
    Object {
      "root": "Loading-root-12",
    }
  }
/>
`;
